 * Serving Flask app 'main'
 * Debug mode: on
Rose is a beautiful and fragrant flower often associated with love and passion. Its classic petals come in various colors, each symbolizing different emotions; red for love, white for purity, yellow for friendship, and pink for admiration. Roses are widely cultivated around the world, thriving in gardens and landscapes. They have a rich history in art, literature, and culture, symbolizing romance and beauty. Beyond their aesthetic appeal, roses are used in perfumes and culinary dishes, enhancing flavors and fragrances. With over a hundred species and countless hybrids, their allure continues to capture hearts and imaginations.Roselimited species include:

1. Rosa gallica
2. Rosa rubiginosa
3. Rosa damascena
4. Rosa chinensis
5. Rosa canina
6. Rosa multiflora
7. Rosa arvensis
8. Rosa rugosa
9. Rosa centifolia
10. Rosa alba
11. Rosa moschata
12. Rosa pimpinellifolia
13. Rosa laevigata
14. Rosa woodlandiana
15. Rosa foetida
16. Rosa banksiae
17. Rosa hybrida
18. Rosa verticillata
19. Rosa setigera
20. Rosa villosa

These species vary in habitat, color, and fragrance, contributing to the diversity of the genus Rosa.To care for a rose, choose a sunny spot with well-drained soil. Water deeply once a week, adjusting based on rainfall. Mulch to retain moisture and suppress weeds. Prune in early spring to remove dead or weak growth and shape the plant. Fertilize with a balanced rose food during the growing season. Monitor for pests like aphids and treat with insecticidal soap if needed. Deadhead spent blooms to encourage flowering. Protect roots in winter with mulch, and cover with burlap in harsh climates. Regularly check for diseases, ensuring good air circulation around the plant.[BE] /recognition received: IMG_20251225_145017590_1766649020137.jpg -> d:\DATN_DACS\DATN\DATN\BackEnd\feature\recognition\imageReceive\IMG_20251225_145017590_1766649020137.jpg

1/1 [==============================] - ETA: 0s
1/1 [==============================] - 2s 2s/step

1/1 [==============================] - ETA: 0s
1/1 [==============================] - 1s 630ms/step

1/1 [==============================] - ETA: 0s
1/1 [==============================] - 1s 551ms/step
